nohup: ignoring input

  vitepress v1.6.4

  ➜  Local:   http://localhost:5173/docs/
  ➜  Network: http://10.2.0.5:5173/docs/
6:58:57 PM [vitepress] hmr update /guide.md
7:04:00 PM [vitepress] docs/.vitepress/config.js changed, restarting server...

✘ [ERROR] Expected "]" but found "{"

    docs/.vitepress/config.js:9:6:
      9 │       { text: '常见问题', link: '/faq' }
        │       ^
        ╵       ]

failed to load config from /var/www/help-center/docs/.vitepress/config.js
Error: Build failed with 1 error:
docs/.vitepress/config.js:9:6: ERROR: Expected "]" but found "{"
    at failureErrorWithLog (/var/www/help-center/node_modules/esbuild/lib/main.js:1472:15)
    at /var/www/help-center/node_modules/esbuild/lib/main.js:945:25
    at runOnEndCallbacks (/var/www/help-center/node_modules/esbuild/lib/main.js:1315:45)
    at buildResponseToResult (/var/www/help-center/node_modules/esbuild/lib/main.js:943:7)
    at /var/www/help-center/node_modules/esbuild/lib/main.js:970:16
    at responseCallbacks.<computed> (/var/www/help-center/node_modules/esbuild/lib/main.js:622:9)
    at handleIncomingPacket (/var/www/help-center/node_modules/esbuild/lib/main.js:677:12)
    at Socket.readFromStdout (/var/www/help-center/node_modules/esbuild/lib/main.js:600:7)
    at Socket.emit (node:events:509:28)
    at addChunk (node:internal/streams/readable:563:12) {
  errors: [Getter/Setter],
  warnings: [Getter/Setter]
}
7:05:21 PM [vitepress] docs/.vitepress/config.js changed, restarting server...


  vitepress v1.6.4

  ➜  Local:   http://localhost:5173/docs/
  ➜  Network: http://10.2.0.5:5173/docs/
7:05:42 PM [vitepress] docs/.vitepress/config.js changed, restarting server...


  vitepress v1.6.4

  ➜  Local:   http://localhost:5173/docs/
  ➜  Network: http://10.2.0.5:5173/docs/
7:25:56 PM [vitepress] docs/.vitepress/config.js changed, restarting server...


  vitepress v1.6.4

  ➜  Local:   http://localhost:5173/docs/
  ➜  Network: http://10.2.0.5:5173/docs/
7:26:16 PM [vitepress] docs/.vitepress/config.js changed, restarting server...


  vitepress v1.6.4

  ➜  Local:   http://localhost:5173/docs/
  ➜  Network: http://10.2.0.5:5173/docs/
